05-16 14:50:28.505  1241  5079 I ActivityManager: Force stopping com.android.todolist appid=10277 user=0: from process:com.android.vending
05-16 20:45:45.442  1241  1468 I ActivityManager: Force stopping com.android.todolist appid=10277 user=0: deletePackageX
05-16 20:45:46.336  1241  1490 I ActivityManager: Force stopping com.android.todolist appid=10277 user=0: pkg removed
05-16 20:45:46.670  1241  1601 V StorageManagerService: Package com.android.todolist does not have legacy storage
05-16 20:45:46.675  1241  1468 W BroadcastQueue: Background execution not allowed: receiving Intent { act=android.intent.action.PACKAGE_REMOVED dat=package:com.android.todolist flg=0x4000010 (has extras) } to com.lbe.security.miui/com.lbe.security.service.BootReceiver
05-16 20:45:46.679  1241  1490 I ActivityManager: Force stopping com.android.todolist appid=10277 user=0: pkg removed
05-16 20:45:46.687  1241  1468 W BroadcastQueue: Background execution not allowed: receiving Intent { act=android.intent.action.PACKAGE_REMOVED dat=package:com.android.todolist flg=0x4000010 (has extras) } to com.android.settings/.search.provider.UpdateReceiver
05-16 20:45:46.688  1241  1468 W BroadcastQueue: Background execution not allowed: receiving Intent { act=android.intent.action.PACKAGE_REMOVED dat=package:com.android.todolist flg=0x4000010 (has extras) } to com.android.vending/com.google.android.finsky.packagemanager.impl.PackageMonitorReceiverImpl$RegisteredReceiver
05-16 20:45:46.689  1241  1468 W BroadcastQueue: Background execution not allowed: receiving Intent { act=android.intent.action.PACKAGE_REMOVED dat=package:com.android.todolist flg=0x4000010 (has extras) } to com.android.vending/com.google.android.finsky.instantapps.appmanagement.InstantAppRemoveMonitor
05-16 20:45:46.698  1241  1468 W BroadcastQueue: Background execution not allowed: receiving Intent { act=android.intent.action.PACKAGE_REMOVED dat=package:com.android.todolist flg=0x4000010 (has extras) } to com.facebook.services/com.facebook.oxygen.services.fbns.RegisteredMqttSystemBroadcastReceiver
05-16 20:45:46.698  1241  1468 W BroadcastQueue: Background execution not allowed: receiving Intent { act=android.intent.action.PACKAGE_REMOVED dat=package:com.android.todolist flg=0x4000010 (has extras) } to com.google.android.apps.maps/com.google.android.libraries.social.peoplekit.thirdparty.viewcontrollers.ThirdPartyReceiver
05-16 20:45:46.698  1241  1468 W BroadcastQueue: Background execution not allowed: receiving Intent { act=android.intent.action.PACKAGE_REMOVED dat=package:com.android.todolist flg=0x4000010 (has extras) } to com.google.android.gms/.games.chimera.GamesSystemBroadcastReceiverProxy
05-16 20:45:46.698  1241  1468 W BroadcastQueue: Background execution not allowed: receiving Intent { act=android.intent.action.PACKAGE_REMOVED dat=package:com.android.todolist flg=0x4000010 (has extras) } to com.google.android.gms/.chimera.GmsIntentOperationService$PersistentTrustedReceiver
05-16 20:45:46.699  1241  1468 W BroadcastQueue: Background execution not allowed: receiving Intent { act=android.intent.action.PACKAGE_REMOVED dat=package:com.android.todolist flg=0x4000010 (has extras) } to com.google.android.googlequicksearchbox/com.google.android.apps.gsa.googlequicksearchbox.GelStubAppWatcher
05-16 20:45:46.699  1241  1468 W BroadcastQueue: Background execution not allowed: receiving Intent { act=android.intent.action.PACKAGE_REMOVED dat=package:com.android.todolist flg=0x4000010 (has extras) } to com.miui.audioeffect/com.android.musicfx.Compatibility$Receiver
05-16 20:45:46.703  1241  1571 I RollbackManager: broadcast=ACTION_PACKAGE_FULLY_REMOVED pkg=com.android.todolist
05-16 20:45:46.707  1241  1468 W BroadcastQueue: Background execution not allowed: receiving Intent { act=android.intent.action.PACKAGE_REMOVED dat=package:com.android.todolist flg=0x4000010 (has extras) } to com.xiaomi.discover/com.xiaomi.market.data.MyPackageMonitor
05-16 20:45:46.707  1241  1468 W BroadcastQueue: Background execution not allowed: receiving Intent { act=android.intent.action.PACKAGE_REMOVED dat=package:com.android.todolist flg=0x4000010 (has extras) } to com.xiaomi.misettings/.usagestats.AppTimerReceiver
05-16 20:45:46.708  1241  1468 W BroadcastQueue: Background execution not allowed: receiving Intent { act=android.intent.action.PACKAGE_REMOVED dat=package:com.android.todolist flg=0x4000010 (has extras) } to com.google.android.apps.magazines/com.google.android.libraries.social.peoplekit.thirdparty.viewcontrollers.ThirdPartyReceiver
05-16 20:45:46.708  1241  1468 W BroadcastQueue: Background execution not allowed: receiving Intent { act=android.intent.action.PACKAGE_REMOVED dat=package:com.android.todolist flg=0x4000010 (has extras) } to com.google.android.apps.photos/com.google.android.libraries.social.peoplekit.thirdparty.viewcontrollers.ThirdPartyReceiver
05-16 20:45:46.715  1241  1468 W BroadcastQueue: Background execution not allowed: receiving Intent { act=android.intent.action.PACKAGE_REMOVED dat=package:com.android.todolist flg=0x4000010 (has extras) } to com.vkontakte.android/ru.mail.libverify.utils.PackageStateReceiver
05-16 20:45:47.167  1241  1468 W XSpaceManagerService: update XSpace App: packageName:com.android.todolist, user:UserHandle{0}, action:android.intent.action.PACKAGE_REMOVED
05-16 20:45:47.314  1241  1241 I ConditionProviders: Disallowing condition provider com.android.todolist
05-16 20:45:50.200  1241  1352 W BroadcastQueueInjector: Unable to launch app com.google.android.apps.magazines/10232 for broadcast Intent { act=android.intent.action.PACKAGE_FULLY_REMOVED dat=package:com.android.todolist flg=0x5000010 (has extras) }: process is not permitted to  auto start
05-16 22:11:44.522  1241  1490 V BackupManagerService: [UserID:0] restoreAtInstall pkg=com.android.todolist token=51 restoreSet=31818cd04a3627e2
05-16 22:11:44.814  1241  1490 I InstallationStatistic: com.android.todolist|null|6716|134|6|5367|774|0
05-16 22:11:44.815  1241  1490 I AppsFilter: interaction: PackageSetting{b16ad0d com.qrolic.reminderapp/10290} -> PackageSetting{da54c6a com.android.todolist/10291} BLOCKED
05-16 22:11:44.833  1241  3008 I MiuiCompatModePackages: package com.android.todolist updated, removing config
05-16 22:11:44.848  1241  1468 W BroadcastQueue: Background execution not allowed: receiving Intent { act=android.intent.action.PACKAGE_ADDED dat=package:com.android.todolist flg=0x4000010 (has extras) } to com.lbe.security.miui/com.lbe.security.service.BootReceiver
05-16 22:11:44.850  1241  1468 W BroadcastQueue: Background execution not allowed: receiving Intent { act=android.intent.action.PACKAGE_ADDED dat=package:com.android.todolist flg=0x4000010 (has extras) } to com.google.android.packageinstaller/com.android.packageinstaller.PackageInstalledReceiver
05-16 22:11:44.850  1241  1468 W BroadcastQueue: Background execution not allowed: receiving Intent { act=android.intent.action.PACKAGE_ADDED dat=package:com.android.todolist flg=0x4000010 (has extras) } to com.android.settings/.search.provider.UpdateReceiver
05-16 22:11:44.850  1241  1468 W BroadcastQueue: Background execution not allowed: receiving Intent { act=android.intent.action.PACKAGE_ADDED dat=package:com.android.todolist flg=0x4000010 (has extras) } to com.android.vending/com.google.android.finsky.packagemanager.impl.PackageMonitorReceiverImpl$RegisteredReceiver
05-16 22:11:44.850  1241  1468 W BroadcastQueue: Background execution not allowed: receiving Intent { act=android.intent.action.PACKAGE_ADDED dat=package:com.android.todolist flg=0x4000010 (has extras) } to com.google.android.gms/.games.chimera.GamesSystemBroadcastReceiverProxy
05-16 22:11:44.859  1241  1468 W BroadcastQueue: Background execution not allowed: receiving Intent { act=android.intent.action.PACKAGE_ADDED dat=package:com.android.todolist flg=0x4000010 (has extras) } to com.google.android.gms/.gass.chimera.PackageChangeBroadcastReceiver
05-16 22:11:44.859  1241  1468 W BroadcastQueue: Background execution not allowed: receiving Intent { act=android.intent.action.PACKAGE_ADDED dat=package:com.android.todolist flg=0x4000010 (has extras) } to com.google.android.gms/.chimera.GmsIntentOperationService$PersistentTrustedReceiver
05-16 22:11:44.859  1241  1468 W BroadcastQueue: Background execution not allowed: receiving Intent { act=android.intent.action.PACKAGE_ADDED dat=package:com.android.todolist flg=0x4000010 (has extras) } to com.google.android.googlequicksearchbox/com.google.android.apps.gsa.googlequicksearchbox.GelStubAppWatcher
05-16 22:11:44.869  1241  1468 W BroadcastQueue: Background execution not allowed: receiving Intent { act=android.intent.action.PACKAGE_ADDED dat=package:com.android.todolist flg=0x4000010 (has extras) } to com.miui.global.packageinstaller/.AppInstalledReceiver
05-16 22:11:44.921  1241  1468 W BroadcastQueue: Background execution not allowed: receiving Intent { act=android.intent.action.PACKAGE_ADDED dat=package:com.android.todolist flg=0x4000010 (has extras) } to com.xiaomi.discover/com.xiaomi.market.data.MyPackageMonitor
05-16 22:11:44.921  1241  1468 W BroadcastQueue: Background execution not allowed: receiving Intent { act=android.intent.action.PACKAGE_ADDED dat=package:com.android.todolist flg=0x4000010 (has extras) } to com.xiaomi.misettings/.usagestats.AppTimerReceiver
05-16 22:11:45.519  1241  1468 W XSpaceManagerService: update XSpace App: packageName:com.android.todolist, user:UserHandle{0}, action:android.intent.action.PACKAGE_ADDED
05-16 22:23:34.737  1241  5082 I ActivityTaskManager: START u0 {act=android.intent.action.VIEW dat=content://com.mi.android.globalFileexplorer.myprovider/external_files/DCIM/Screenshots/srcreen_todolist.png typ=image/png flg=0x1 pkg=com.miui.gallery cmp=com.miui.gallery/.activity.ExternalPhotoPageActivity (has extras)} from uid 10153
05-16 22:38:16.151  1241  4542 I ActivityTaskManager: START u0 {act=android.intent.action.MAIN cat=[android.intent.category.LAUNCHER] flg=0x10200000 cmp=com.android.todolist/.MainActivity bnds=[839,181][1007,349] (has extras)} from uid 10088
05-16 22:38:16.166  1241  4542 V ActivityTaskManager: Starting new activity ActivityRecord{7bd766e u0 com.android.todolist/.MainActivity t2510} in new task Task{cd5210f #2510 visible=true type=standard mode=fullscreen translucent=true A=10291:com.android.todolist U=0 StackId=2510 sz=1}
05-16 22:38:16.177  1241  1463 D DexOptExtImpl: com.android.todolist reason is unknown
05-16 22:38:16.191  1241  1469 D Boost   : hostingType=pre-top-activity, hostingName={com.android.todolist/com.android.todolist.MainActivity}, callerPackage=com.miui.home, isSystem=true, isBoostNeeded=false.
05-16 22:38:16.196  1241  1469 I ActivityManager: Start proc 14335:com.android.todolist/u0a291 for pre-top-activity {com.android.todolist/com.android.todolist.MainActivity} caller=com.miui.home
05-16 22:38:16.197  1241  1389 V WindowManager: Orientation start waiting for draw, mDrawState=DRAW_PENDING in Window{b171182 mode=0 rootTaskId=2510 u0 Splash Screen com.android.todolist}, surfaceController Surface(name=Splash Screen com.android.todolist)/@0xd891e8
05-16 22:38:16.243  1241  1465 D PeriodicCleaner: com.android.todolist re-installed, NewAppId=10291, OldAppId=10277
05-16 22:38:16.669  1241  5340 V MiuiActivityTaskManagerServiceEx: dispatchActivityLifeState r = ActivityRecord{7bd766e u0 com.android.todolist/.MainActivity t2510}
05-16 22:38:16.670 14335 14335 W Looper  : PerfMonitor looperActivity : package=com.android.todolist/.MainActivity time=0ms latency=412ms running=0ms  procState=2 ClientTransaction{ callbacks=[android.app.servertransaction.TopResumedActivityChangeItem] } historyMsgCount=4 (msgIndex=3 wall=128ms seq=3 running=115ms runnable=2ms io=2ms late=7ms h=android.app.ActivityThread$H w=110) (msgIndex=4 wall=279ms seq=4 running=250ms runnable=3ms io=1ms late=133ms h=android.app.ActivityThread$H w=159)
05-16 22:38:16.694  1241  1352 I WindowManager: Relayout Window{8923d4b mode=0 rootTaskId=2510 u0 com.android.todolist/com.android.todolist.MainActivity}: oldVis=4 newVis=0 focusMayChange = true
05-16 22:38:16.696  1241  1352 V WindowManager: Orientation start waiting for draw, mDrawState=DRAW_PENDING in Window{8923d4b mode=0 rootTaskId=2510 u0 com.android.todolist/com.android.todolist.MainActivity}, surfaceController Surface(name=com.android.todolist/com.android.todolist.MainActivity)/@0x2c5841
05-16 22:38:16.699  1241  1352 W WindowManager: Changing focus fromnull to Window{8923d4b mode=0 rootTaskId=2510 u0 com.android.todolist/com.android.todolist.MainActivity} displayId=0 Callers=com.android.server.wm.RootWindowContainer.updateFocusedWindowLocked:473 com.android.server.wm.WindowManagerService.updateFocusedWindowLocked:6200 com.android.server.wm.WindowManagerService.relayoutWindow:2735 com.android.server.wm.Session.relayout:213 
05-16 22:38:16.701  1241  1352 D WindowManager: Input focus has changed to Window{8923d4b mode=0 rootTaskId=2510 u0 com.android.todolist/com.android.todolist.MainActivity}
05-16 22:38:16.862  1241  1389 I Timeline: Timeline: Activity_windows_visible id: ActivityRecord{7bd766e u0 com.android.todolist/.MainActivity t2510} time:635257142
05-16 22:38:18.183  1241  1352 W WindowManager: Changing focus fromWindow{8923d4b mode=0 rootTaskId=2510 u0 com.android.todolist/com.android.todolist.MainActivity} to Window{10a85d2 mode=0 rootTaskId=2510 u0 com.android.todolist/com.android.todolist.MainActivity} displayId=0 Callers=com.android.server.wm.RootWindowContainer.updateFocusedWindowLocked:473 com.android.server.wm.WindowManagerService.updateFocusedWindowLocked:6200 com.android.server.wm.WindowManagerService.addWindow:2024 com.android.server.wm.Session.addToDisplayAsUser:176 
05-16 22:38:18.184  1241  1352 D WindowManager: Input focus has changed to Window{10a85d2 mode=0 rootTaskId=2510 u0 com.android.todolist/com.android.todolist.MainActivity}
05-16 22:38:18.205  1241  1352 V WindowManager: Orientation start waiting for draw, mDrawState=DRAW_PENDING in Window{10a85d2 mode=0 rootTaskId=2510 u0 com.android.todolist/com.android.todolist.MainActivity}, surfaceController Surface(name=com.android.todolist/com.android.todolist.MainActivity)/@0xf4da3cc
05-16 22:38:20.215   757   802 I BufferQueueProducer: [com.android.todolist/com.android.todolist.MainActivity#1](id:2f500006e84,api:1,p:14335,c:757) disconnect(): api=1
05-16 22:38:20.217  1241  5083 W WindowManager: Changing focus fromWindow{10a85d2 mode=1 rootTaskId=2510 u0 com.android.todolist/com.android.todolist.MainActivity EXITING} to Window{8923d4b mode=0 rootTaskId=2510 u0 com.android.todolist/com.android.todolist.MainActivity} displayId=0 Callers=com.android.server.wm.RootWindowContainer.updateFocusedWindowLocked:473 com.android.server.wm.WindowManagerService.updateFocusedWindowLocked:6200 com.android.server.wm.WindowState.setupWindowForRemoveOnExit:2518 com.android.server.wm.WindowState.removeIfPossible:2487 
05-16 22:38:20.218  1241  5083 D WindowManager: Input focus has changed to Window{8923d4b mode=0 rootTaskId=2510 u0 com.android.todolist/com.android.todolist.MainActivity}
05-16 22:38:20.229  1241  5083 I InputDispatcher: setInputWindows displayId=0 Window{92f3113 mode=0 rootTaskId=1 u0 RoundCorner} Window{de7eb87 mode=0 rootTaskId=1 u0 RoundCorner} Window{6f163d5 mode=0 rootTaskId=1 u0 NavigationBar0} Window{f665786 mode=0 rootTaskId=1 u0 StatusBar} Window{ce11687 mode=0 rootTaskId=1 u0 InputMethod} Window{10a85d2 mode=0 rootTaskId=2510 u0 com.android.todolist/com.android.todolist.MainActivity} Window{8923d4b mode=0 rootTaskId=2510 u0 com.android.todolist/com.android.todolist.MainActivity} Window{13374ad mode=0 rootTaskId=1 u0 com.miui.miwallpaper.wallpaperservice.MiuiKeyguardPictorialWallpaper} Window{3c46fed mode=0 rootTaskId=1 u0 com.miui.miwallpaper.wallpaperservice.ImageWallpaper} 
05-16 22:38:20.229  1241  5083 I InputDispatcher: Focus left window: Window{10a85d2 mode=0 rootTaskId=2510 u0 com.android.todolist/com.android.todolist.MainActivity} in display 0
05-16 22:38:20.229  1241  5083 I InputDispatcher: Window went away: Window{10a85d2 mode=0 rootTaskId=2510 u0 com.android.todolist/com.android.todolist.MainActivity}
05-16 22:38:20.243   757   802 I BufferQueueProducer: [com.android.todolist/com.android.todolist.MainActivity#0](this:0xb400007de43a7258,id:28291,api:1,p:14335,c:757) queueBuffer: fps=13.21 dur=2119.12 max=1172.87 min=8.71
05-16 22:38:20.246  1241  5083 I InputDispatcher: setInputWindows displayId=0 Window{92f3113 mode=0 rootTaskId=1 u0 RoundCorner} Window{de7eb87 mode=0 rootTaskId=1 u0 RoundCorner} Window{6f163d5 mode=0 rootTaskId=1 u0 NavigationBar0} Window{f665786 mode=0 rootTaskId=1 u0 StatusBar} Window{ce11687 mode=0 rootTaskId=1 u0 InputMethod} com.android.todolist/com.android.todolist.MainActivity#1 Window{8923d4b mode=0 rootTaskId=2510 u0 com.android.todolist/com.android.todolist.MainActivity} Window{13374ad mode=0 rootTaskId=1 u0 com.miui.miwallpaper.wallpaperservice.MiuiKeyguardPictorialWallpaper} Window{3c46fed mode=0 rootTaskId=1 u0 com.miui.miwallpaper.wallpaperservice.ImageWallpaper} 
05-16 22:38:20.246  1241  5083 I InputDispatcher: Focus entered window: Window{8923d4b mode=0 rootTaskId=2510 u0 com.android.todolist/com.android.todolist.MainActivity} in display 0
05-16 22:38:20.255  8673  8673 I GoogleInputMethodService: GoogleInputMethodService.onStartInput():1885 onStartInput(EditorInfo{inputType=0x0(NULL) imeOptions=0x0 privateImeOptions=null actionName=UNSPECIFIED actionLabel=null actionId=0 initialSelStart=-1 initialSelEnd=-1 initialCapsMode=0x0 hintText=null label=null packageName=com.android.todolist fieldId=-1 fieldName=null extras=null}, false)
05-16 22:38:20.263  1241  7027 I InputDispatcher: setInputWindows displayId=0 Window{92f3113 mode=0 rootTaskId=1 u0 RoundCorner} Window{de7eb87 mode=0 rootTaskId=1 u0 RoundCorner} Window{6f163d5 mode=0 rootTaskId=1 u0 NavigationBar0} Window{f665786 mode=0 rootTaskId=1 u0 StatusBar} Window{ce11687 mode=0 rootTaskId=1 u0 InputMethod} com.android.todolist/com.android.todolist.MainActivity#1 Window{8923d4b mode=0 rootTaskId=2510 u0 com.android.todolist/com.android.todolist.MainActivity} Window{13374ad mode=0 rootTaskId=1 u0 com.miui.miwallpaper.wallpaperservice.MiuiKeyguardPictorialWallpaper} Window{3c46fed mode=0 rootTaskId=1 u0 com.miui.miwallpaper.wallpaperservice.ImageWallpaper} 
05-16 22:38:20.280  1241  5338 I InputDispatcher: setInputWindows displayId=0 Window{92f3113 mode=0 rootTaskId=1 u0 RoundCorner} Window{de7eb87 mode=0 rootTaskId=1 u0 RoundCorner} Window{6f163d5 mode=0 rootTaskId=1 u0 NavigationBar0} Window{f665786 mode=0 rootTaskId=1 u0 StatusBar} Window{ce11687 mode=0 rootTaskId=1 u0 InputMethod} com.android.todolist/com.android.todolist.MainActivity#1 Window{8923d4b mode=0 rootTaskId=2510 u0 com.android.todolist/com.android.todolist.MainActivity} Window{13374ad mode=0 rootTaskId=1 u0 com.miui.miwallpaper.wallpaperservice.MiuiKeyguardPictorialWallpaper} Window{3c46fed mode=0 rootTaskId=1 u0 com.miui.miwallpaper.wallpaperservice.ImageWallpaper} 
05-16 22:38:20.297  1241  5338 I InputDispatcher: setInputWindows displayId=0 Window{92f3113 mode=0 rootTaskId=1 u0 RoundCorner} Window{de7eb87 mode=0 rootTaskId=1 u0 RoundCorner} Window{6f163d5 mode=0 rootTaskId=1 u0 NavigationBar0} Window{f665786 mode=0 rootTaskId=1 u0 StatusBar} com.android.todolist/com.android.todolist.MainActivity#1 Window{8923d4b mode=0 rootTaskId=2510 u0 com.android.todolist/com.android.todolist.MainActivity} Window{13374ad mode=0 rootTaskId=1 u0 com.miui.miwallpaper.wallpaperservice.MiuiKeyguardPictorialWallpaper} Window{3c46fed mode=0 rootTaskId=1 u0 com.miui.miwallpaper.wallpaperservice.ImageWallpaper} 
05-16 22:38:20.313  1241  5338 I InputDispatcher: setInputWindows displayId=0 Window{92f3113 mode=0 rootTaskId=1 u0 RoundCorner} Window{de7eb87 mode=0 rootTaskId=1 u0 RoundCorner} Window{6f163d5 mode=0 rootTaskId=1 u0 NavigationBar0} Window{f665786 mode=0 rootTaskId=1 u0 StatusBar} com.android.todolist/com.android.todolist.MainActivity#1 Window{8923d4b mode=0 rootTaskId=2510 u0 com.android.todolist/com.android.todolist.MainActivity} Window{13374ad mode=0 rootTaskId=1 u0 com.miui.miwallpaper.wallpaperservice.MiuiKeyguardPictorialWallpaper} Window{3c46fed mode=0 rootTaskId=1 u0 com.miui.miwallpaper.wallpaperservice.ImageWallpaper} 
05-16 22:38:20.329  1241  5338 I InputDispatcher: setInputWindows displayId=0 Window{92f3113 mode=0 rootTaskId=1 u0 RoundCorner} Window{de7eb87 mode=0 rootTaskId=1 u0 RoundCorner} Window{6f163d5 mode=0 rootTaskId=1 u0 NavigationBar0} Window{f665786 mode=0 rootTaskId=1 u0 StatusBar} com.android.todolist/com.android.todolist.MainActivity#1 Window{8923d4b mode=0 rootTaskId=2510 u0 com.android.todolist/com.android.todolist.MainActivity} Window{13374ad mode=0 rootTaskId=1 u0 com.miui.miwallpaper.wallpaperservice.MiuiKeyguardPictorialWallpaper} Window{3c46fed mode=0 rootTaskId=1 u0 com.miui.miwallpaper.wallpaperservice.ImageWallpaper} 
05-16 22:38:20.346  1241  5338 I InputDispatcher: setInputWindows displayId=0 Window{92f3113 mode=0 rootTaskId=1 u0 RoundCorner} Window{de7eb87 mode=0 rootTaskId=1 u0 RoundCorner} Window{6f163d5 mode=0 rootTaskId=1 u0 NavigationBar0} Window{f665786 mode=0 rootTaskId=1 u0 StatusBar} com.android.todolist/com.android.todolist.MainActivity#1 Window{8923d4b mode=0 rootTaskId=2510 u0 com.android.todolist/com.android.todolist.MainActivity} Window{13374ad mode=0 rootTaskId=1 u0 com.miui.miwallpaper.wallpaperservice.MiuiKeyguardPictorialWallpaper} Window{3c46fed mode=0 rootTaskId=1 u0 com.miui.miwallpaper.wallpaperservice.ImageWallpaper} 
05-16 22:38:20.362  1241  5338 I InputDispatcher: setInputWindows displayId=0 Window{92f3113 mode=0 rootTaskId=1 u0 RoundCorner} Window{de7eb87 mode=0 rootTaskId=1 u0 RoundCorner} Window{6f163d5 mode=0 rootTaskId=1 u0 NavigationBar0} Window{f665786 mode=0 rootTaskId=1 u0 StatusBar} com.android.todolist/com.android.todolist.MainActivity#1 Window{8923d4b mode=0 rootTaskId=2510 u0 com.android.todolist/com.android.todolist.MainActivity} Window{13374ad mode=0 rootTaskId=1 u0 com.miui.miwallpaper.wallpaperservice.MiuiKeyguardPictorialWallpaper} Window{3c46fed mode=0 rootTaskId=1 u0 com.miui.miwallpaper.wallpaperservice.ImageWallpaper} 
05-16 22:38:20.379  1241  5338 I InputDispatcher: setInputWindows displayId=0 Window{92f3113 mode=0 rootTaskId=1 u0 RoundCorner} Window{de7eb87 mode=0 rootTaskId=1 u0 RoundCorner} Window{6f163d5 mode=0 rootTaskId=1 u0 NavigationBar0} Window{f665786 mode=0 rootTaskId=1 u0 StatusBar} com.android.todolist/com.android.todolist.MainActivity#1 Window{8923d4b mode=0 rootTaskId=2510 u0 com.android.todolist/com.android.todolist.MainActivity} Window{13374ad mode=0 rootTaskId=1 u0 com.miui.miwallpaper.wallpaperservice.MiuiKeyguardPictorialWallpaper} Window{3c46fed mode=0 rootTaskId=1 u0 com.miui.miwallpaper.wallpaperservice.ImageWallpaper} 
05-16 22:38:20.396  1241  5338 I InputDispatcher: setInputWindows displayId=0 Window{92f3113 mode=0 rootTaskId=1 u0 RoundCorner} Window{de7eb87 mode=0 rootTaskId=1 u0 RoundCorner} Window{6f163d5 mode=0 rootTaskId=1 u0 NavigationBar0} Window{f665786 mode=0 rootTaskId=1 u0 StatusBar} Window{8923d4b mode=0 rootTaskId=2510 u0 com.android.todolist/com.android.todolist.MainActivity} Window{13374ad mode=0 rootTaskId=1 u0 com.miui.miwallpaper.wallpaperservice.MiuiKeyguardPictorialWallpaper} Window{3c46fed mode=0 rootTaskId=1 u0 com.miui.miwallpaper.wallpaperservice.ImageWallpaper} 
05-16 22:38:20.396  1241  5338 I InputDispatcher: Window went away: com.android.todolist/com.android.todolist.MainActivity#1
05-16 22:38:20.397   757   757 I BufferQueueConsumer: [com.android.todolist/com.android.todolist.MainActivity#1](id:2f500006e84,api:0,p:-1,c:757) disconnect()
05-16 22:38:20.397   757   757 I BufferQueue: [com.android.todolist/com.android.todolist.MainActivity#1](this:0xb400007e870d9058,id:28292,api:1,p:-1,c:-1) onDestructor()
05-16 22:38:20.412  1241  5338 I InputDispatcher: setInputWindows displayId=0 Window{92f3113 mode=0 rootTaskId=1 u0 RoundCorner} Window{de7eb87 mode=0 rootTaskId=1 u0 RoundCorner} Window{6f163d5 mode=0 rootTaskId=1 u0 NavigationBar0} Window{f665786 mode=0 rootTaskId=1 u0 StatusBar} Window{8923d4b mode=0 rootTaskId=2510 u0 com.android.todolist/com.android.todolist.MainActivity} Window{13374ad mode=0 rootTaskId=1 u0 com.miui.miwallpaper.wallpaperservice.MiuiKeyguardPictorialWallpaper} Window{3c46fed mode=0 rootTaskId=1 u0 com.miui.miwallpaper.wallpaperservice.ImageWallpaper} 
05-16 22:38:20.429  1241  5338 I InputDispatcher: setInputWindows displayId=0 Window{92f3113 mode=0 rootTaskId=1 u0 RoundCorner} Window{de7eb87 mode=0 rootTaskId=1 u0 RoundCorner} Window{6f163d5 mode=0 rootTaskId=1 u0 NavigationBar0} Window{f665786 mode=0 rootTaskId=1 u0 StatusBar} Window{8923d4b mode=0 rootTaskId=2510 u0 com.android.todolist/com.android.todolist.MainActivity} Window{13374ad mode=0 rootTaskId=1 u0 com.miui.miwallpaper.wallpaperservice.MiuiKeyguardPictorialWallpaper} Window{3c46fed mode=0 rootTaskId=1 u0 com.miui.miwallpaper.wallpaperservice.ImageWallpaper} 
05-16 22:38:21.051   757  1224 I SurfaceFlinger: [SF client] NEW(0xb400007de04bd800) for (14335:com.android.todolist)
05-16 22:38:21.058  1241  5338 W WindowManager: Changing focus fromWindow{8923d4b mode=0 rootTaskId=2510 u0 com.android.todolist/com.android.todolist.MainActivity} to Window{b281a43 mode=0 rootTaskId=2510 u0 com.android.todolist/com.android.todolist.MainActivity} displayId=0 Callers=com.android.server.wm.RootWindowContainer.updateFocusedWindowLocked:473 com.android.server.wm.WindowManagerService.updateFocusedWindowLocked:6200 com.android.server.wm.WindowManagerService.addWindow:2024 com.android.server.wm.Session.addToDisplayAsUser:176 
05-16 22:38:21.060  1241  5338 D WindowManager: Input focus has changed to Window{b281a43 mode=0 rootTaskId=2510 u0 com.android.todolist/com.android.todolist.MainActivity}
05-16 22:38:21.060  1241  5083 I InputDispatcher: setInputWindows displayId=0 Window{92f3113 mode=0 rootTaskId=1 u0 RoundCorner} Window{de7eb87 mode=0 rootTaskId=1 u0 RoundCorner} Window{6f163d5 mode=0 rootTaskId=1 u0 NavigationBar0} Window{f665786 mode=0 rootTaskId=1 u0 StatusBar} Window{8923d4b mode=0 rootTaskId=2510 u0 com.android.todolist/com.android.todolist.MainActivity} Window{13374ad mode=0 rootTaskId=1 u0 com.miui.miwallpaper.wallpaperservice.MiuiKeyguardPictorialWallpaper} Window{3c46fed mode=0 rootTaskId=1 u0 com.miui.miwallpaper.wallpaperservice.ImageWallpaper} 
05-16 22:38:21.075  1241  5083 V WindowManager: Orientation start waiting for draw, mDrawState=DRAW_PENDING in Window{b281a43 mode=0 rootTaskId=2510 u0 com.android.todolist/com.android.todolist.MainActivity}, surfaceController Surface(name=com.android.todolist/com.android.todolist.MainActivity)/@0x7a16cb5
05-16 22:38:21.077  1241  5338 I InputDispatcher: setInputWindows displayId=0 Window{92f3113 mode=0 rootTaskId=1 u0 RoundCorner} Window{de7eb87 mode=0 rootTaskId=1 u0 RoundCorner} Window{6f163d5 mode=0 rootTaskId=1 u0 NavigationBar0} Window{f665786 mode=0 rootTaskId=1 u0 StatusBar} com.android.todolist/com.android.todolist.MainActivity#1 Window{8923d4b mode=0 rootTaskId=2510 u0 com.android.todolist/com.android.todolist.MainActivity} Window{13374ad mode=0 rootTaskId=1 u0 com.miui.miwallpaper.wallpaperservice.MiuiKeyguardPictorialWallpaper} Window{3c46fed mode=0 rootTaskId=1 u0 com.miui.miwallpaper.wallpaperservice.ImageWallpaper} 
05-16 22:38:21.077  1241  5338 I InputDispatcher: Focus left window: Window{8923d4b mode=0 rootTaskId=2510 u0 com.android.todolist/com.android.todolist.MainActivity} in display 0
05-16 22:38:21.083   757  1224 I BufferQueueProducer: [com.android.todolist/com.android.todolist.MainActivity#1](id:2f500006e86,api:1,p:14335,c:757) connect(): api=1 producerControlledByApp=false
05-16 22:38:21.093  1241  5338 I InputDispatcher: setInputWindows displayId=0 Window{92f3113 mode=0 rootTaskId=1 u0 RoundCorner} Window{de7eb87 mode=0 rootTaskId=1 u0 RoundCorner} Window{6f163d5 mode=0 rootTaskId=1 u0 NavigationBar0} Window{f665786 mode=0 rootTaskId=1 u0 StatusBar} com.android.todolist/com.android.todolist.MainActivity#1 Window{8923d4b mode=0 rootTaskId=2510 u0 com.android.todolist/com.android.todolist.MainActivity} Window{13374ad mode=0 rootTaskId=1 u0 com.miui.miwallpaper.wallpaperservice.MiuiKeyguardPictorialWallpaper} Window{3c46fed mode=0 rootTaskId=1 u0 com.miui.miwallpaper.wallpaperservice.ImageWallpaper} 
05-16 22:38:21.110  1241  5338 I InputDispatcher: setInputWindows displayId=0 Window{92f3113 mode=0 rootTaskId=1 u0 RoundCorner} Window{de7eb87 mode=0 rootTaskId=1 u0 RoundCorner} Window{6f163d5 mode=0 rootTaskId=1 u0 NavigationBar0} Window{f665786 mode=0 rootTaskId=1 u0 StatusBar} Window{b281a43 mode=0 rootTaskId=2510 u0 com.android.todolist/com.android.todolist.MainActivity} Window{8923d4b mode=0 rootTaskId=2510 u0 com.android.todolist/com.android.todolist.MainActivity} Window{13374ad mode=0 rootTaskId=1 u0 com.miui.miwallpaper.wallpaperservice.MiuiKeyguardPictorialWallpaper} Window{3c46fed mode=0 rootTaskId=1 u0 com.miui.miwallpaper.wallpaperservice.ImageWallpaper} 
05-16 22:38:21.110  1241  5338 I InputDispatcher: Focus entered window: Window{b281a43 mode=0 rootTaskId=2510 u0 com.android.todolist/com.android.todolist.MainActivity} in display 0
05-16 22:38:21.110  1241  5338 I InputDispatcher: Window went away: com.android.todolist/com.android.todolist.MainActivity#1
05-16 22:38:21.117   757  1224 I BufferQueueProducer: [com.android.todolist/com.android.todolist.MainActivity#1](id:2f500006e86,api:1,p:14335,c:757) disconnect(): api=1
05-16 22:38:21.118   757  1224 I BufferQueueProducer: [com.android.todolist/com.android.todolist.MainActivity#1](id:2f500006e86,api:1,p:14335,c:757) connect(): api=1 producerControlledByApp=false
05-16 22:38:21.126  1241  5083 I InputDispatcher: setInputWindows displayId=0 Window{92f3113 mode=0 rootTaskId=1 u0 RoundCorner} Window{de7eb87 mode=0 rootTaskId=1 u0 RoundCorner} Window{6f163d5 mode=0 rootTaskId=1 u0 NavigationBar0} Window{f665786 mode=0 rootTaskId=1 u0 StatusBar} Window{b281a43 mode=0 rootTaskId=2510 u0 com.android.todolist/com.android.todolist.MainActivity} Window{8923d4b mode=0 rootTaskId=2510 u0 com.android.todolist/com.android.todolist.MainActivity} Window{13374ad mode=0 rootTaskId=1 u0 com.miui.miwallpaper.wallpaperservice.MiuiKeyguardPictorialWallpaper} Window{3c46fed mode=0 rootTaskId=1 u0 com.miui.miwallpaper.wallpaperservice.ImageWallpaper} 
05-16 22:38:21.130  8673  8673 I GoogleInputMethodService: GoogleInputMethodService.onStartInput():1885 onStartInput(EditorInfo{inputType=0x0(NULL) imeOptions=0x0 privateImeOptions=null actionName=UNSPECIFIED actionLabel=null actionId=0 initialSelStart=-1 initialSelEnd=-1 initialCapsMode=0x0 hintText=null label=null packageName=com.android.todolist fieldId=-1 fieldName=null extras=null}, false)
05-16 22:38:21.143  1241  5083 I InputDispatcher: setInputWindows displayId=0 Window{92f3113 mode=0 rootTaskId=1 u0 RoundCorner} Window{de7eb87 mode=0 rootTaskId=1 u0 RoundCorner} Window{6f163d5 mode=0 rootTaskId=1 u0 NavigationBar0} Window{f665786 mode=0 rootTaskId=1 u0 StatusBar} Window{b281a43 mode=0 rootTaskId=2510 u0 com.android.todolist/com.android.todolist.MainActivity} Window{8923d4b mode=0 rootTaskId=2510 u0 com.android.todolist/com.android.todolist.MainActivity} Window{13374ad mode=0 rootTaskId=1 u0 com.miui.miwallpaper.wallpaperservice.MiuiKeyguardPictorialWallpaper} Window{3c46fed mode=0 rootTaskId=1 u0 com.miui.miwallpaper.wallpaperservice.ImageWallpaper} 
05-16 22:38:21.160  1241  5083 I InputDispatcher: setInputWindows displayId=0 Window{92f3113 mode=0 rootTaskId=1 u0 RoundCorner} Window{de7eb87 mode=0 rootTaskId=1 u0 RoundCorner} Window{6f163d5 mode=0 rootTaskId=1 u0 NavigationBar0} Window{f665786 mode=0 rootTaskId=1 u0 StatusBar} Window{b281a43 mode=0 rootTaskId=2510 u0 com.android.todolist/com.android.todolist.MainActivity} Window{8923d4b mode=0 rootTaskId=2510 u0 com.android.todolist/com.android.todolist.MainActivity} Window{13374ad mode=0 rootTaskId=1 u0 com.miui.miwallpaper.wallpaperservice.MiuiKeyguardPictorialWallpaper} Window{3c46fed mode=0 rootTaskId=1 u0 com.miui.miwallpaper.wallpaperservice.ImageWallpaper} 
05-16 22:38:21.176  1241  5083 I InputDispatcher: setInputWindows displayId=0 Window{92f3113 mode=0 rootTaskId=1 u0 RoundCorner} Window{de7eb87 mode=0 rootTaskId=1 u0 RoundCorner} Window{6f163d5 mode=0 rootTaskId=1 u0 NavigationBar0} Window{f665786 mode=0 rootTaskId=1 u0 StatusBar} Window{b281a43 mode=0 rootTaskId=2510 u0 com.android.todolist/com.android.todolist.MainActivity} Window{8923d4b mode=0 rootTaskId=2510 u0 com.android.todolist/com.android.todolist.MainActivity} Window{13374ad mode=0 rootTaskId=1 u0 com.miui.miwallpaper.wallpaperservice.MiuiKeyguardPictorialWallpaper} Window{3c46fed mode=0 rootTaskId=1 u0 com.miui.miwallpaper.wallpaperservice.ImageWallpaper} 
05-16 22:38:21.193  1241  5083 I InputDispatcher: setInputWindows displayId=0 Window{92f3113 mode=0 rootTaskId=1 u0 RoundCorner} Window{de7eb87 mode=0 rootTaskId=1 u0 RoundCorner} Window{6f163d5 mode=0 rootTaskId=1 u0 NavigationBar0} Window{f665786 mode=0 rootTaskId=1 u0 StatusBar} Window{b281a43 mode=0 rootTaskId=2510 u0 com.android.todolist/com.android.todolist.MainActivity} Window{8923d4b mode=0 rootTaskId=2510 u0 com.android.todolist/com.android.todolist.MainActivity} Window{13374ad mode=0 rootTaskId=1 u0 com.miui.miwallpaper.wallpaperservice.MiuiKeyguardPictorialWallpaper} Window{3c46fed mode=0 rootTaskId=1 u0 com.miui.miwallpaper.wallpaperservice.ImageWallpaper} 
05-16 22:38:21.209  1241  5083 I InputDispatcher: setInputWindows displayId=0 Window{92f3113 mode=0 rootTaskId=1 u0 RoundCorner} Window{de7eb87 mode=0 rootTaskId=1 u0 RoundCorner} Window{6f163d5 mode=0 rootTaskId=1 u0 NavigationBar0} Window{f665786 mode=0 rootTaskId=1 u0 StatusBar} Window{b281a43 mode=0 rootTaskId=2510 u0 com.android.todolist/com.android.todolist.MainActivity} Window{8923d4b mode=0 rootTaskId=2510 u0 com.android.todolist/com.android.todolist.MainActivity} Window{13374ad mode=0 rootTaskId=1 u0 com.miui.miwallpaper.wallpaperservice.MiuiKeyguardPictorialWallpaper} Window{3c46fed mode=0 rootTaskId=1 u0 com.miui.miwallpaper.wallpaperservice.ImageWallpaper} 
05-16 22:38:21.226  1241  5083 I InputDispatcher: setInputWindows displayId=0 Window{92f3113 mode=0 rootTaskId=1 u0 RoundCorner} Window{de7eb87 mode=0 rootTaskId=1 u0 RoundCorner} Window{6f163d5 mode=0 rootTaskId=1 u0 NavigationBar0} Window{f665786 mode=0 rootTaskId=1 u0 StatusBar} Window{b281a43 mode=0 rootTaskId=2510 u0 com.android.todolist/com.android.todolist.MainActivity} Window{8923d4b mode=0 rootTaskId=2510 u0 com.android.todolist/com.android.todolist.MainActivity} Window{13374ad mode=0 rootTaskId=1 u0 com.miui.miwallpaper.wallpaperservice.MiuiKeyguardPictorialWallpaper} Window{3c46fed mode=0 rootTaskId=1 u0 com.miui.miwallpaper.wallpaperservice.ImageWallpaper} 
05-16 22:38:21.242  1241  5083 I InputDispatcher: setInputWindows displayId=0 Window{92f3113 mode=0 rootTaskId=1 u0 RoundCorner} Window{de7eb87 mode=0 rootTaskId=1 u0 RoundCorner} Window{6f163d5 mode=0 rootTaskId=1 u0 NavigationBar0} Window{f665786 mode=0 rootTaskId=1 u0 StatusBar} Window{b281a43 mode=0 rootTaskId=2510 u0 com.android.todolist/com.android.todolist.MainActivity} Window{8923d4b mode=0 rootTaskId=2510 u0 com.android.todolist/com.android.todolist.MainActivity} Window{13374ad mode=0 rootTaskId=1 u0 com.miui.miwallpaper.wallpaperservice.MiuiKeyguardPictorialWallpaper} Window{3c46fed mode=0 rootTaskId=1 u0 com.miui.miwallpaper.wallpaperservice.ImageWallpaper} 
05-16 22:38:21.247   757   802 I BufferQueueProducer: [com.android.todolist/com.android.todolist.MainActivity#0](this:0xb400007de43a7258,id:28291,api:1,p:14335,c:757) queueBuffer: fps=21.91 dur=1004.09 max=653.30 min=1.70
05-16 22:38:21.259  1241  5083 I InputDispatcher: setInputWindows displayId=0 Window{92f3113 mode=0 rootTaskId=1 u0 RoundCorner} Window{de7eb87 mode=0 rootTaskId=1 u0 RoundCorner} Window{6f163d5 mode=0 rootTaskId=1 u0 NavigationBar0} Window{f665786 mode=0 rootTaskId=1 u0 StatusBar} Window{b281a43 mode=0 rootTaskId=2510 u0 com.android.todolist/com.android.todolist.MainActivity} Window{8923d4b mode=0 rootTaskId=2510 u0 com.android.todolist/com.android.todolist.MainActivity} Window{13374ad mode=0 rootTaskId=1 u0 com.miui.miwallpaper.wallpaperservice.MiuiKeyguardPictorialWallpaper} Window{3c46fed mode=0 rootTaskId=1 u0 com.miui.miwallpaper.wallpaperservice.ImageWallpaper} 
05-16 22:38:21.276  1241  7027 I InputDispatcher: setInputWindows displayId=0 Window{92f3113 mode=0 rootTaskId=1 u0 RoundCorner} Window{de7eb87 mode=0 rootTaskId=1 u0 RoundCorner} Window{6f163d5 mode=0 rootTaskId=1 u0 NavigationBar0} Window{f665786 mode=0 rootTaskId=1 u0 StatusBar} Window{b281a43 mode=0 rootTaskId=2510 u0 com.android.todolist/com.android.todolist.MainActivity} Window{8923d4b mode=0 rootTaskId=2510 u0 com.android.todolist/com.android.todolist.MainActivity} Window{13374ad mode=0 rootTaskId=1 u0 com.miui.miwallpaper.wallpaperservice.MiuiKeyguardPictorialWallpaper} Window{3c46fed mode=0 rootTaskId=1 u0 com.miui.miwallpaper.wallpaperservice.ImageWallpaper} 
05-16 22:38:21.292  1241  7027 I InputDispatcher: setInputWindows displayId=0 Window{92f3113 mode=0 rootTaskId=1 u0 RoundCorner} Window{de7eb87 mode=0 rootTaskId=1 u0 RoundCorner} Window{6f163d5 mode=0 rootTaskId=1 u0 NavigationBar0} Window{f665786 mode=0 rootTaskId=1 u0 StatusBar} Window{b281a43 mode=0 rootTaskId=2510 u0 com.android.todolist/com.android.todolist.MainActivity} Window{8923d4b mode=0 rootTaskId=2510 u0 com.android.todolist/com.android.todolist.MainActivity} Window{13374ad mode=0 rootTaskId=1 u0 com.miui.miwallpaper.wallpaperservice.MiuiKeyguardPictorialWallpaper} Window{3c46fed mode=0 rootTaskId=1 u0 com.miui.miwallpaper.wallpaperservice.ImageWallpaper} 
05-16 22:38:21.309  1241  7027 I InputDispatcher: setInputWindows displayId=0 Window{92f3113 mode=0 rootTaskId=1 u0 RoundCorner} Window{de7eb87 mode=0 rootTaskId=1 u0 RoundCorner} Window{6f163d5 mode=0 rootTaskId=1 u0 NavigationBar0} Window{f665786 mode=0 rootTaskId=1 u0 StatusBar} Window{b281a43 mode=0 rootTaskId=2510 u0 com.android.todolist/com.android.todolist.MainActivity} Window{8923d4b mode=0 rootTaskId=2510 u0 com.android.todolist/com.android.todolist.MainActivity} Window{13374ad mode=0 rootTaskId=1 u0 com.miui.miwallpaper.wallpaperservice.MiuiKeyguardPictorialWallpaper} Window{3c46fed mode=0 rootTaskId=1 u0 com.miui.miwallpaper.wallpaperservice.ImageWallpaper} 
05-16 22:38:21.769  8673  8673 I GoogleInputMethodService: GoogleInputMethodService.onStartInput():1885 onStartInput(EditorInfo{inputType=0x61(PersonName) imeOptions=0x6 privateImeOptions=null actionName=DONE actionLabel=null actionId=0 initialSelStart=0 initialSelEnd=0 initialCapsMode=0x0 hintText=Name list label=null packageName=com.android.todolist fieldId=2131230821 fieldName=null extras=null}, false)
05-16 22:38:21.770  8673  8673 I GoogleInputMethodService: GoogleInputMethodService.onStartInputView():1993 onStartInputView(EditorInfo{inputType=0x61(PersonName) imeOptions=0x6 privateImeOptions=null actionName=DONE actionLabel=null actionId=0 initialSelStart=0 initialSelEnd=0 initialCapsMode=0x0 hintText=Name list label=null packageName=com.android.todolist fieldId=2131230821 fieldName=null extras=null}, false)
05-16 22:38:21.771  8673  8673 I AndroidIME: AbstractIme.onActivate():86 LatinIme.onActivate() : EditorInfo = inputType=Text imeActionName=DONE dump=[inputType=0x61 imeOptions=0x6 privateImeOptions=null actionLabel=null actionId=0 initialSelStart=0 initialSelEnd=0 initialCapsMode=0x0 hintText=Name list label=null packageName=com.android.todolist autofillId=1073741848 fieldId=2131230821 fieldName=null extras=null hintLocales=null contentMimeTypes=null ], IncognitoMode = false, DeviceLocked = false
05-16 22:38:21.791  1241  7027 I InputDispatcher: setInputWindows displayId=0 Window{92f3113 mode=0 rootTaskId=1 u0 RoundCorner} Window{de7eb87 mode=0 rootTaskId=1 u0 RoundCorner} Window{6f163d5 mode=0 rootTaskId=1 u0 NavigationBar0} Window{f665786 mode=0 rootTaskId=1 u0 StatusBar} Window{ce11687 mode=0 rootTaskId=1 u0 InputMethod} Window{b281a43 mode=0 rootTaskId=2510 u0 com.android.todolist/com.android.todolist.MainActivity} Window{8923d4b mode=0 rootTaskId=2510 u0 com.android.todolist/com.android.todolist.MainActivity} Window{13374ad mode=0 rootTaskId=1 u0 com.miui.miwallpaper.wallpaperservice.MiuiKeyguardPictorialWallpaper} Window{3c46fed mode=0 rootTaskId=1 u0 com.miui.miwallpaper.wallpaperservice.ImageWallpaper} 
05-16 22:38:21.805 13770 13997 W oxz     : Infinite Data has no result for com.android.todolist [CONTEXT service_id=177 ]
05-16 22:38:21.808 13770 14470 W oxz     : Infinite Data has no result for com.android.todolist [CONTEXT service_id=177 ]
05-16 22:38:21.808  1241  7027 I InputDispatcher: setInputWindows displayId=0 Window{92f3113 mode=0 rootTaskId=1 u0 RoundCorner} Window{de7eb87 mode=0 rootTaskId=1 u0 RoundCorner} Window{6f163d5 mode=0 rootTaskId=1 u0 NavigationBar0} Window{f665786 mode=0 rootTaskId=1 u0 StatusBar} Window{ce11687 mode=0 rootTaskId=1 u0 InputMethod} Window{b281a43 mode=0 rootTaskId=2510 u0 com.android.todolist/com.android.todolist.MainActivity} Window{8923d4b mode=0 rootTaskId=2510 u0 com.android.todolist/com.android.todolist.MainActivity} Window{13374ad mode=0 rootTaskId=1 u0 com.miui.miwallpaper.wallpaperservice.MiuiKeyguardPictorialWallpaper} Window{3c46fed mode=0 rootTaskId=1 u0 com.miui.miwallpaper.wallpaperservice.ImageWallpaper} 
05-16 22:38:21.824  1241  5035 I InputDispatcher: setInputWindows displayId=0 Window{92f3113 mode=0 rootTaskId=1 u0 RoundCorner} Window{de7eb87 mode=0 rootTaskId=1 u0 RoundCorner} Window{6f163d5 mode=0 rootTaskId=1 u0 NavigationBar0} Window{f665786 mode=0 rootTaskId=1 u0 StatusBar} Window{ce11687 mode=0 rootTaskId=1 u0 InputMethod} Window{b281a43 mode=0 rootTaskId=2510 u0 com.android.todolist/com.android.todolist.MainActivity} Window{8923d4b mode=0 rootTaskId=2510 u0 com.android.todolist/com.android.todolist.MainActivity} Window{13374ad mode=0 rootTaskId=1 u0 com.miui.miwallpaper.wallpaperservice.MiuiKeyguardPictorialWallpaper} Window{3c46fed mode=0 rootTaskId=1 u0 com.miui.miwallpaper.wallpaperservice.ImageWallpaper} 
05-16 22:38:21.841  1241  7027 I InputDispatcher: setInputWindows displayId=0 Window{92f3113 mode=0 rootTaskId=1 u0 RoundCorner} Window{de7eb87 mode=0 rootTaskId=1 u0 RoundCorner} Window{6f163d5 mode=0 rootTaskId=1 u0 NavigationBar0} Window{f665786 mode=0 rootTaskId=1 u0 StatusBar} Window{ce11687 mode=0 rootTaskId=1 u0 InputMethod} Window{b281a43 mode=0 rootTaskId=2510 u0 com.android.todolist/com.android.todolist.MainActivity} Window{8923d4b mode=0 rootTaskId=2510 u0 com.android.todolist/com.android.todolist.MainActivity} Window{13374ad mode=0 rootTaskId=1 u0 com.miui.miwallpaper.wallpaperservice.MiuiKeyguardPictorialWallpaper} Window{3c46fed mode=0 rootTaskId=1 u0 com.miui.miwallpaper.wallpaperservice.ImageWallpaper} 
05-16 22:38:21.857  1241  7027 I InputDispatcher: setInputWindows displayId=0 Window{92f3113 mode=0 rootTaskId=1 u0 RoundCorner} Window{de7eb87 mode=0 rootTaskId=1 u0 RoundCorner} Window{6f163d5 mode=0 rootTaskId=1 u0 NavigationBar0} Window{f665786 mode=0 rootTaskId=1 u0 StatusBar} Window{ce11687 mode=0 rootTaskId=1 u0 InputMethod} Window{b281a43 mode=0 rootTaskId=2510 u0 com.android.todolist/com.android.todolist.MainActivity} Window{8923d4b mode=0 rootTaskId=2510 u0 com.android.todolist/com.android.todolist.MainActivity} Window{13374ad mode=0 rootTaskId=1 u0 com.miui.miwallpaper.wallpaperservice.MiuiKeyguardPictorialWallpaper} Window{3c46fed mode=0 rootTaskId=1 u0 com.miui.miwallpaper.wallpaperservice.ImageWallpaper} 
05-16 22:38:21.873  1241  7027 I InputDispatcher: setInputWindows displayId=0 Window{92f3113 mode=0 rootTaskId=1 u0 RoundCorner} Window{de7eb87 mode=0 rootTaskId=1 u0 RoundCorner} Window{6f163d5 mode=0 rootTaskId=1 u0 NavigationBar0} Window{f665786 mode=0 rootTaskId=1 u0 StatusBar} Window{ce11687 mode=0 rootTaskId=1 u0 InputMethod} Window{b281a43 mode=0 rootTaskId=2510 u0 com.android.todolist/com.android.todolist.MainActivity} Window{8923d4b mode=0 rootTaskId=2510 u0 com.android.todolist/com.android.todolist.MainActivity} Window{13374ad mode=0 rootTaskId=1 u0 com.miui.miwallpaper.wallpaperservice.MiuiKeyguardPictorialWallpaper} Window{3c46fed mode=0 rootTaskId=1 u0 com.miui.miwallpaper.wallpaperservice.ImageWallpaper} 
05-16 22:38:21.890  1241  7027 I InputDispatcher: setInputWindows displayId=0 Window{92f3113 mode=0 rootTaskId=1 u0 RoundCorner} Window{de7eb87 mode=0 rootTaskId=1 u0 RoundCorner} Window{6f163d5 mode=0 rootTaskId=1 u0 NavigationBar0} Window{f665786 mode=0 rootTaskId=1 u0 StatusBar} Window{ce11687 mode=0 rootTaskId=1 u0 InputMethod} Window{b281a43 mode=0 rootTaskId=2510 u0 com.android.todolist/com.android.todolist.MainActivity} Window{8923d4b mode=0 rootTaskId=2510 u0 com.android.todolist/com.android.todolist.MainActivity} Window{13374ad mode=0 rootTaskId=1 u0 com.miui.miwallpaper.wallpaperservice.MiuiKeyguardPictorialWallpaper} Window{3c46fed mode=0 rootTaskId=1 u0 com.miui.miwallpaper.wallpaperservice.ImageWallpaper} 
05-16 22:38:21.906  1241  7027 I InputDispatcher: setInputWindows displayId=0 Window{92f3113 mode=0 rootTaskId=1 u0 RoundCorner} Window{de7eb87 mode=0 rootTaskId=1 u0 RoundCorner} Window{6f163d5 mode=0 rootTaskId=1 u0 NavigationBar0} Window{f665786 mode=0 rootTaskId=1 u0 StatusBar} Window{ce11687 mode=0 rootTaskId=1 u0 InputMethod} Window{b281a43 mode=0 rootTaskId=2510 u0 com.android.todolist/com.android.todolist.MainActivity} Window{8923d4b mode=0 rootTaskId=2510 u0 com.android.todolist/com.android.todolist.MainActivity} Window{13374ad mode=0 rootTaskId=1 u0 com.miui.miwallpaper.wallpaperservice.MiuiKeyguardPictorialWallpaper} Window{3c46fed mode=0 rootTaskId=1 u0 com.miui.miwallpaper.wallpaperservice.ImageWallpaper} 
05-16 22:38:21.923  1241  7027 I InputDispatcher: setInputWindows displayId=0 Window{92f3113 mode=0 rootTaskId=1 u0 RoundCorner} Window{de7eb87 mode=0 rootTaskId=1 u0 RoundCorner} Window{6f163d5 mode=0 rootTaskId=1 u0 NavigationBar0} Window{f665786 mode=0 rootTaskId=1 u0 StatusBar} Window{ce11687 mode=0 rootTaskId=1 u0 InputMethod} Window{b281a43 mode=0 rootTaskId=2510 u0 com.android.todolist/com.android.todolist.MainActivity} Window{8923d4b mode=0 rootTaskId=2510 u0 com.android.todolist/com.android.todolist.MainActivity} Window{13374ad mode=0 rootTaskId=1 u0 com.miui.miwallpaper.wallpaperservice.MiuiKeyguardPictorialWallpaper} Window{3c46fed mode=0 rootTaskId=1 u0 com.miui.miwallpaper.wallpaperservice.ImageWallpaper} 
05-16 22:38:21.940  1241  7027 I InputDispatcher: setInputWindows displayId=0 Window{92f3113 mode=0 rootTaskId=1 u0 RoundCorner} Window{de7eb87 mode=0 rootTaskId=1 u0 RoundCorner} Window{6f163d5 mode=0 rootTaskId=1 u0 NavigationBar0} Window{f665786 mode=0 rootTaskId=1 u0 StatusBar} Window{ce11687 mode=0 rootTaskId=1 u0 InputMethod} Window{b281a43 mode=0 rootTaskId=2510 u0 com.android.todolist/com.android.todolist.MainActivity} Window{8923d4b mode=0 rootTaskId=2510 u0 com.android.todolist/com.android.todolist.MainActivity} Window{13374ad mode=0 rootTaskId=1 u0 com.miui.miwallpaper.wallpaperservice.MiuiKeyguardPictorialWallpaper} Window{3c46fed mode=0 rootTaskId=1 u0 com.miui.miwallpaper.wallpaperservice.ImageWallpaper} 
05-16 22:38:21.956  1241  7027 I InputDispatcher: setInputWindows displayId=0 Window{92f3113 mode=0 rootTaskId=1 u0 RoundCorner} Window{de7eb87 mode=0 rootTaskId=1 u0 RoundCorner} Window{6f163d5 mode=0 rootTaskId=1 u0 NavigationBar0} Window{f665786 mode=0 rootTaskId=1 u0 StatusBar} Window{ce11687 mode=0 rootTaskId=1 u0 InputMethod} Window{b281a43 mode=0 rootTaskId=2510 u0 com.android.todolist/com.android.todolist.MainActivity} Window{8923d4b mode=0 rootTaskId=2510 u0 com.android.todolist/com.android.todolist.MainActivity} Window{13374ad mode=0 rootTaskId=1 u0 com.miui.miwallpaper.wallpaperservice.MiuiKeyguardPictorialWallpaper} Window{3c46fed mode=0 rootTaskId=1 u0 com.miui.miwallpaper.wallpaperservice.ImageWallpaper} 
05-16 22:38:21.973  1241  7027 I InputDispatcher: setInputWindows displayId=0 Window{92f3113 mode=0 rootTaskId=1 u0 RoundCorner} Window{de7eb87 mode=0 rootTaskId=1 u0 RoundCorner} Window{6f163d5 mode=0 rootTaskId=1 u0 NavigationBar0} Window{f665786 mode=0 rootTaskId=1 u0 StatusBar} Window{ce11687 mode=0 rootTaskId=1 u0 InputMethod} Window{b281a43 mode=0 rootTaskId=2510 u0 com.android.todolist/com.android.todolist.MainActivity} Window{8923d4b mode=0 rootTaskId=2510 u0 com.android.todolist/com.android.todolist.MainActivity} Window{13374ad mode=0 rootTaskId=1 u0 com.miui.miwallpaper.wallpaperservice.MiuiKeyguardPictorialWallpaper} Window{3c46fed mode=0 rootTaskId=1 u0 com.miui.miwallpaper.wallpaperservice.ImageWallpaper} 
05-16 22:38:21.989  1241  7027 I InputDispatcher: setInputWindows displayId=0 Window{92f3113 mode=0 rootTaskId=1 u0 RoundCorner} Window{de7eb87 mode=0 rootTaskId=1 u0 RoundCorner} Window{6f163d5 mode=0 rootTaskId=1 u0 NavigationBar0} Window{f665786 mode=0 rootTaskId=1 u0 StatusBar} Window{ce11687 mode=0 rootTaskId=1 u0 InputMethod} Window{b281a43 mode=0 rootTaskId=2510 u0 com.android.todolist/com.android.todolist.MainActivity} Window{8923d4b mode=0 rootTaskId=2510 u0 com.android.todolist/com.android.todolist.MainActivity} Window{13374ad mode=0 rootTaskId=1 u0 com.miui.miwallpaper.wallpaperservice.MiuiKeyguardPictorialWallpaper} Window{3c46fed mode=0 rootTaskId=1 u0 com.miui.miwallpaper.wallpaperservice.ImageWallpaper} 
